{
    "-profile test, stub": {
        "content": [
            7,
            {
                "MAT2JSON_INT": {
                    "mat2json": 1.0
                },
                "NUMORPHALIGN": {
                    "numorphalign": 1.0
                },
                "NUMORPHINTENSITY": {
                    "numorphintensity": 1.0
                },
                "NUMORPHSTITCH": {
                    "numorphstitch": 1.0
                },
                "UNZIP": {
                    "7za": 16.02
                },
                "Workflow": {
                    "nf-core/lsmquant": "v1.0dev"
                }
            },
            [
                "mat2json",
                "mat2json/align",
                "mat2json/align/TEST1.json",
                "mat2json/intensity",
                "mat2json/intensity/TEST1.json",
                "mat2json/stitch",
                "mat2json/stitch/TEST1.json",
                "numorphalign",
                "numorphalign/TEST1",
                "numorphalign/TEST1/samples",
                "numorphalign/TEST1/samples/alignment",
                "numorphalign/TEST1/samples/alignment/TEST1_full.tif",
                "numorphalign/TEST1/variables",
                "numorphalign/TEST1/variables/alignment_table.mat",
                "numorphalign/TEST1/variables/path_table.mat",
                "numorphalign/TEST1/variables/z_displacement_align.mat",
                "numorphintensity",
                "numorphintensity/TEST1",
                "numorphintensity/TEST1/samples",
                "numorphintensity/TEST1/samples/intensity_adjustment",
                "numorphintensity/TEST1/samples/intensity_adjustment/TEST1.png",
                "numorphintensity/TEST1/variables",
                "numorphintensity/TEST1/variables/adj_params.mat",
                "numorphintensity/TEST1/variables/path_table.mat",
                "numorphintensity/TEST1/variables/thresholds.mat",
                "numorphstitch",
                "numorphstitch/TEST1",
                "numorphstitch/TEST1/stitched",
                "numorphstitch/TEST1/stitched/TEST1_stitched.tif",
                "numorphstitch/TEST1/variables",
                "numorphstitch/TEST1/variables/adjusted_z.mat",
                "numorphstitch/TEST1/variables/path_table.mat",
                "numorphstitch/TEST1/variables/stitch_tforms.mat",
                "numorphstitch/TEST1/variables/z_dips_matrix.mat",
                "pipeline_info",
                "pipeline_info/nf_core_lsmquant_software_mqc_versions.yml",
                "unzip",
                "unzip/TEST1"
            ]
        ],
        "meta": {
            "nf-test": "0.9.2",
            "nextflow": "25.04.6"
        },
        "timestamp": "2025-08-29T09:57:38.849984411"
    }
}