{
    "-profile test, stub": {
        "content": [
            7,
            {
                "MAT2JSON_INT": {
                    "mat2json": 1.0
                },
                "NUMORPHALIGN": {
                    "numorphalign": 1.0
                },
                "NUMORPHINTENSITY": {
                    "numorphintensity": 1.0
                },
                "NUMORPHSTITCH": {
                    "numorphstitch": 1.0
                },
                "UNZIP": {
                    "7za": 16.02
                },
                "Workflow": {
                    "nf-core/lsmquant": "v1.0dev"
                }
            },
            [
                "TEST1",
                "TEST1/alignment",
                "TEST1/alignment/results",
                "TEST1/alignment/results/NM_variables.mat",
                "TEST1/alignment/results/samples",
                "TEST1/alignment/results/samples/alignment",
                "TEST1/alignment/results/samples/alignment/TEST1_full.tif",
                "TEST1/alignment/results/variables",
                "TEST1/alignment/results/variables/alignment_table.mat",
                "TEST1/alignment/results/variables/path_table.mat",
                "TEST1/alignment/results/variables/z_displacement_align.mat",
                "TEST1/intensity",
                "TEST1/intensity/results",
                "TEST1/intensity/results/NM_variables.mat",
                "TEST1/intensity/results/samples",
                "TEST1/intensity/results/samples/intensity_adjustment",
                "TEST1/intensity/results/samples/intensity_adjustment/TEST1.png",
                "TEST1/intensity/results/variables",
                "TEST1/intensity/results/variables/adj_params.mat",
                "TEST1/intensity/results/variables/path_table.mat",
                "TEST1/intensity/results/variables/thresholds.mat",
                "TEST1/mat2json",
                "TEST1/mat2json/align",
                "TEST1/mat2json/align/TEST1.json",
                "TEST1/mat2json/intensity",
                "TEST1/mat2json/intensity/TEST1.json",
                "TEST1/mat2json/stitch",
                "TEST1/mat2json/stitch/TEST1.json",
                "TEST1/mat2json/versions.yml",
                "TEST1/stitching",
                "TEST1/stitching/results",
                "TEST1/stitching/results/NM_variables.mat",
                "TEST1/stitching/results/stitched",
                "TEST1/stitching/results/stitched/TEST1_stitched.tif",
                "TEST1/stitching/results/variables",
                "TEST1/stitching/results/variables/adjusted_z.mat",
                "TEST1/stitching/results/variables/path_table.mat",
                "TEST1/stitching/results/variables/stitch_tforms.mat",
                "TEST1/stitching/results/variables/z_dips_matrix.mat",
                "pipeline_info",
                "pipeline_info/nf_core_lsmquant_software_mqc_versions.yml",
                "unzip",
                "unzip/TEST1"
            ]
        ],
        "meta": {
            "nf-test": "0.9.2",
            "nextflow": "25.04.6"
        },
        "timestamp": "2025-08-27T15:05:48.419447313"
    }
}