{
    "Numorph3DUnet test - tif": {
        "content": [
            {
                "0": [
                    [
                        "TEST1.csv:md5,fa930f84f08fa69d825bca59cc08dcec",
                        "TEST1_counts.csv:md5,6f482bb276d66163f0646ba6d4712075"
                    ]
                ],
                "1": [
                    "versions.yml:md5,a48272c66a933f2bbbaa710df8129f03"
                ],
                "cellcounts": [
                    [
                        "TEST1.csv:md5,fa930f84f08fa69d825bca59cc08dcec",
                        "TEST1_counts.csv:md5,6f482bb276d66163f0646ba6d4712075"
                    ]
                ],
                "versions": [
                    "versions.yml:md5,a48272c66a933f2bbbaa710df8129f03"
                ]
            }
        ],
        "timestamp": "2026-02-28T16:52:51.765396671",
        "meta": {
            "nf-test": "0.9.4",
            "nextflow": "25.10.3"
        }
    },
    "Numorph3DUnet stub test - tif": {
        "content": [
            {
                "0": [
                    [
                        "TEST1.csv:md5,d41d8cd98f00b204e9800998ecf8427e",
                        "TEST1_counts.csv:md5,d41d8cd98f00b204e9800998ecf8427e"
                    ]
                ],
                "1": [
                    "versions.yml:md5,a48272c66a933f2bbbaa710df8129f03"
                ],
                "cellcounts": [
                    [
                        "TEST1.csv:md5,d41d8cd98f00b204e9800998ecf8427e",
                        "TEST1_counts.csv:md5,d41d8cd98f00b204e9800998ecf8427e"
                    ]
                ],
                "versions": [
                    "versions.yml:md5,a48272c66a933f2bbbaa710df8129f03"
                ]
            }
        ],
        "timestamp": "2026-03-03T15:01:48.714597704",
        "meta": {
            "nf-test": "0.9.4",
            "nextflow": "25.10.3"
        }
    }
}