{
    "Numorphstitch stub test": {
        "content": [
            {
                "0": [
                    [
                        {
                            "id": "TEST1"
                        },
                        "TEST1_stitched.tif:md5,d41d8cd98f00b204e9800998ecf8427e"
                    ]
                ],
                "1": [
                    [
                        "adjusted_z.mat:md5,d41d8cd98f00b204e9800998ecf8427e",
                        "path_table.mat:md5,d41d8cd98f00b204e9800998ecf8427e",
                        "stitch_tforms.mat:md5,d41d8cd98f00b204e9800998ecf8427e",
                        "z_dips_matrix.mat:md5,d41d8cd98f00b204e9800998ecf8427e"
                    ]
                ],
                "2": [
                    "NM_variables.mat:md5,d41d8cd98f00b204e9800998ecf8427e"
                ],
                "3": [
                    "versions.yml:md5,078a96bac91c7c12facb9f321644c34d"
                ],
                "NM_variables": [
                    "NM_variables.mat:md5,d41d8cd98f00b204e9800998ecf8427e"
                ],
                "stitched": [
                    [
                        {
                            "id": "TEST1"
                        },
                        "TEST1_stitched.tif:md5,d41d8cd98f00b204e9800998ecf8427e"
                    ]
                ],
                "variables": [
                    [
                        "adjusted_z.mat:md5,d41d8cd98f00b204e9800998ecf8427e",
                        "path_table.mat:md5,d41d8cd98f00b204e9800998ecf8427e",
                        "stitch_tforms.mat:md5,d41d8cd98f00b204e9800998ecf8427e",
                        "z_dips_matrix.mat:md5,d41d8cd98f00b204e9800998ecf8427e"
                    ]
                ],
                "versions": [
                    "versions.yml:md5,078a96bac91c7c12facb9f321644c34d"
                ]
            }
        ],
        "meta": {
            "nf-test": "0.9.2",
            "nextflow": "24.10.3"
        },
        "timestamp": "2025-02-19T16:40:56.52260208"
    },
    "Numorphstitch test": {
        "content": [
            4,
            [
                "TEST1",
                "TEST1/alignment",
                "TEST1/alignment/results",
                "TEST1/alignment/results/NM_variables.mat",
                "TEST1/alignment/results/samples",
                "TEST1/alignment/results/samples/alignment",
                "TEST1/alignment/results/samples/alignment/TEST1_ctip2_full.tif",
                "TEST1/alignment/results/samples/alignment/TEST1_topro_full.tif",
                "TEST1/alignment/results/variables",
                "TEST1/alignment/results/variables/alignment_table.mat",
                "TEST1/alignment/results/variables/path_table.mat",
                "TEST1/alignment/results/variables/z_displacement_align.mat",
                "TEST1/intensity",
                "TEST1/intensity/results",
                "TEST1/intensity/results/NM_variables.mat",
                "TEST1/intensity/results/samples",
                "TEST1/intensity/results/samples/intensity_adjustment",
                "TEST1/intensity/results/samples/intensity_adjustment/ctip2_1_1_11.tif",
                "TEST1/intensity/results/samples/intensity_adjustment/ctip2_1_2_11.tif",
                "TEST1/intensity/results/samples/intensity_adjustment/ctip2_2_1_11.tif",
                "TEST1/intensity/results/samples/intensity_adjustment/ctip2_2_2_11.tif",
                "TEST1/intensity/results/samples/intensity_adjustment/flatfield_1.png",
                "TEST1/intensity/results/samples/intensity_adjustment/flatfield_2.png",
                "TEST1/intensity/results/samples/intensity_adjustment/tile_adj_1.png",
                "TEST1/intensity/results/samples/intensity_adjustment/tile_adj_2.png",
                "TEST1/intensity/results/samples/intensity_adjustment/topro_1_1_11.tif",
                "TEST1/intensity/results/samples/intensity_adjustment/topro_1_2_11.tif",
                "TEST1/intensity/results/samples/intensity_adjustment/topro_2_1_11.tif",
                "TEST1/intensity/results/samples/intensity_adjustment/topro_2_2_11.tif",
                "TEST1/intensity/results/samples/intensity_adjustment/y_adj_1.png",
                "TEST1/intensity/results/samples/intensity_adjustment/y_adj_2.png",
                "TEST1/intensity/results/variables",
                "TEST1/intensity/results/variables/adj_params.mat",
                "TEST1/intensity/results/variables/path_table.mat",
                "TEST1/intensity/results/variables/thresholds.mat",
                "TEST1/stitching",
                "TEST1/stitching/results",
                "TEST1/stitching/results/NM_variables.mat",
                "TEST1/stitching/results/stitched",
                "TEST1/stitching/results/stitched/TEST1_0001_C1_topro_stitched.tif",
                "TEST1/stitching/results/stitched/TEST1_0001_C2_ctip2_stitched.tif",
                "TEST1/stitching/results/stitched/TEST1_0002_C1_topro_stitched.tif",
                "TEST1/stitching/results/stitched/TEST1_0002_C2_ctip2_stitched.tif",
                "TEST1/stitching/results/stitched/TEST1_0003_C1_topro_stitched.tif",
                "TEST1/stitching/results/stitched/TEST1_0003_C2_ctip2_stitched.tif",
                "TEST1/stitching/results/stitched/TEST1_0004_C1_topro_stitched.tif",
                "TEST1/stitching/results/stitched/TEST1_0004_C2_ctip2_stitched.tif",
                "TEST1/stitching/results/stitched/TEST1_0005_C1_topro_stitched.tif",
                "TEST1/stitching/results/stitched/TEST1_0005_C2_ctip2_stitched.tif",
                "TEST1/stitching/results/stitched/TEST1_0006_C1_topro_stitched.tif",
                "TEST1/stitching/results/stitched/TEST1_0006_C2_ctip2_stitched.tif",
                "TEST1/stitching/results/stitched/TEST1_0007_C1_topro_stitched.tif",
                "TEST1/stitching/results/stitched/TEST1_0007_C2_ctip2_stitched.tif",
                "TEST1/stitching/results/stitched/TEST1_0008_C1_topro_stitched.tif",
                "TEST1/stitching/results/stitched/TEST1_0008_C2_ctip2_stitched.tif",
                "TEST1/stitching/results/stitched/TEST1_0009_C1_topro_stitched.tif",
                "TEST1/stitching/results/stitched/TEST1_0009_C2_ctip2_stitched.tif",
                "TEST1/stitching/results/stitched/TEST1_0010_C1_topro_stitched.tif",
                "TEST1/stitching/results/stitched/TEST1_0010_C2_ctip2_stitched.tif",
                "TEST1/stitching/results/stitched/TEST1_0011_C1_topro_stitched.tif",
                "TEST1/stitching/results/stitched/TEST1_0011_C2_ctip2_stitched.tif",
                "TEST1/stitching/results/stitched/TEST1_0012_C1_topro_stitched.tif",
                "TEST1/stitching/results/stitched/TEST1_0012_C2_ctip2_stitched.tif",
                "TEST1/stitching/results/stitched/TEST1_0013_C1_topro_stitched.tif",
                "TEST1/stitching/results/stitched/TEST1_0013_C2_ctip2_stitched.tif",
                "TEST1/stitching/results/stitched/TEST1_0014_C1_topro_stitched.tif",
                "TEST1/stitching/results/stitched/TEST1_0014_C2_ctip2_stitched.tif",
                "TEST1/stitching/results/stitched/TEST1_0015_C1_topro_stitched.tif",
                "TEST1/stitching/results/stitched/TEST1_0015_C2_ctip2_stitched.tif",
                "TEST1/stitching/results/stitched/TEST1_0016_C1_topro_stitched.tif",
                "TEST1/stitching/results/stitched/TEST1_0016_C2_ctip2_stitched.tif",
                "TEST1/stitching/results/stitched/TEST1_0017_C1_topro_stitched.tif",
                "TEST1/stitching/results/stitched/TEST1_0017_C2_ctip2_stitched.tif",
                "TEST1/stitching/results/stitched/TEST1_0018_C1_topro_stitched.tif",
                "TEST1/stitching/results/stitched/TEST1_0018_C2_ctip2_stitched.tif",
                "TEST1/stitching/results/variables",
                "TEST1/stitching/results/variables/adj_params.mat",
                "TEST1/stitching/results/variables/adjusted_z.mat",
                "TEST1/stitching/results/variables/alignment_table.mat",
                "TEST1/stitching/results/variables/path_table.mat",
                "TEST1/stitching/results/variables/stitch_tforms.mat",
                "TEST1/stitching/results/variables/thresholds.mat",
                "TEST1/stitching/results/variables/z_disp_matrix.mat",
                "TEST1/stitching/results/variables/z_displacement_align.mat",
                "pipeline_info",
                "unzip",
                "unzip/TEST1",
                "unzip/TEST1/ctip2_topro",
                "unzip/TEST1/ctip2_topro/16-35-34_WT7R_ctip2_topro_2-5x_0-085NA_4z_UltraII[02 x 02]_C00_xyz-Table Z0600.ome.tif",
                "unzip/TEST1/ctip2_topro/16-35-34_WT7R_ctip2_topro_2-5x_0-085NA_4z_UltraII[02 x 02]_C00_xyz-Table Z0601.ome.tif",
                "unzip/TEST1/ctip2_topro/16-35-34_WT7R_ctip2_topro_2-5x_0-085NA_4z_UltraII[02 x 02]_C00_xyz-Table Z0602.ome.tif",
                "unzip/TEST1/ctip2_topro/16-35-34_WT7R_ctip2_topro_2-5x_0-085NA_4z_UltraII[02 x 02]_C00_xyz-Table Z0603.ome.tif",
                "unzip/TEST1/ctip2_topro/16-35-34_WT7R_ctip2_topro_2-5x_0-085NA_4z_UltraII[02 x 02]_C00_xyz-Table Z0604.ome.tif",
                "unzip/TEST1/ctip2_topro/16-35-34_WT7R_ctip2_topro_2-5x_0-085NA_4z_UltraII[02 x 02]_C00_xyz-Table Z0605.ome.tif",
                "unzip/TEST1/ctip2_topro/16-35-34_WT7R_ctip2_topro_2-5x_0-085NA_4z_UltraII[02 x 02]_C00_xyz-Table Z0606.ome.tif",
                "unzip/TEST1/ctip2_topro/16-35-34_WT7R_ctip2_topro_2-5x_0-085NA_4z_UltraII[02 x 02]_C00_xyz-Table Z0607.ome.tif",
                "unzip/TEST1/ctip2_topro/16-35-34_WT7R_ctip2_topro_2-5x_0-085NA_4z_UltraII[02 x 02]_C00_xyz-Table Z0608.ome.tif",
                "unzip/TEST1/ctip2_topro/16-35-34_WT7R_ctip2_topro_2-5x_0-085NA_4z_UltraII[02 x 02]_C00_xyz-Table Z0609.ome.tif",
                "unzip/TEST1/ctip2_topro/16-35-34_WT7R_ctip2_topro_2-5x_0-085NA_4z_UltraII[02 x 02]_C00_xyz-Table Z0610.ome.tif",
                "unzip/TEST1/ctip2_topro/16-35-34_WT7R_ctip2_topro_2-5x_0-085NA_4z_UltraII[02 x 02]_C00_xyz-Table Z0611.ome.tif",
                "unzip/TEST1/ctip2_topro/16-35-34_WT7R_ctip2_topro_2-5x_0-085NA_4z_UltraII[02 x 02]_C00_xyz-Table Z0612.ome.tif",
                "unzip/TEST1/ctip2_topro/16-35-34_WT7R_ctip2_topro_2-5x_0-085NA_4z_UltraII[02 x 02]_C00_xyz-Table Z0613.ome.tif",
                "unzip/TEST1/ctip2_topro/16-35-34_WT7R_ctip2_topro_2-5x_0-085NA_4z_UltraII[02 x 02]_C00_xyz-Table Z0614.ome.tif",
                "unzip/TEST1/ctip2_topro/16-35-34_WT7R_ctip2_topro_2-5x_0-085NA_4z_UltraII[02 x 02]_C00_xyz-Table Z0615.ome.tif",
                "unzip/TEST1/ctip2_topro/16-35-34_WT7R_ctip2_topro_2-5x_0-085NA_4z_UltraII[02 x 02]_C00_xyz-Table Z0616.ome.tif",
                "unzip/TEST1/ctip2_topro/16-35-34_WT7R_ctip2_topro_2-5x_0-085NA_4z_UltraII[02 x 02]_C00_xyz-Table Z0617.ome.tif",
                "unzip/TEST1/ctip2_topro/16-35-34_WT7R_ctip2_topro_2-5x_0-085NA_4z_UltraII[02 x 02]_C00_xyz-Table Z0618.ome.tif",
                "unzip/TEST1/ctip2_topro/16-35-34_WT7R_ctip2_topro_2-5x_0-085NA_4z_UltraII[02 x 02]_C00_xyz-Table Z0619.ome.tif",
                "unzip/TEST1/ctip2_topro/16-35-34_WT7R_ctip2_topro_2-5x_0-085NA_4z_UltraII[02 x 02]_C00_xyz-Table Z0620.ome.tif",
                "unzip/TEST1/ctip2_topro/16-35-34_WT7R_ctip2_topro_2-5x_0-085NA_4z_UltraII[02 x 02]_C01_xyz-Table Z0600.ome.tif",
                "unzip/TEST1/ctip2_topro/16-35-34_WT7R_ctip2_topro_2-5x_0-085NA_4z_UltraII[02 x 02]_C01_xyz-Table Z0601.ome.tif",
                "unzip/TEST1/ctip2_topro/16-35-34_WT7R_ctip2_topro_2-5x_0-085NA_4z_UltraII[02 x 02]_C01_xyz-Table Z0602.ome.tif",
                "unzip/TEST1/ctip2_topro/16-35-34_WT7R_ctip2_topro_2-5x_0-085NA_4z_UltraII[02 x 02]_C01_xyz-Table Z0603.ome.tif",
                "unzip/TEST1/ctip2_topro/16-35-34_WT7R_ctip2_topro_2-5x_0-085NA_4z_UltraII[02 x 02]_C01_xyz-Table Z0604.ome.tif",
                "unzip/TEST1/ctip2_topro/16-35-34_WT7R_ctip2_topro_2-5x_0-085NA_4z_UltraII[02 x 02]_C01_xyz-Table Z0605.ome.tif",
                "unzip/TEST1/ctip2_topro/16-35-34_WT7R_ctip2_topro_2-5x_0-085NA_4z_UltraII[02 x 02]_C01_xyz-Table Z0606.ome.tif",
                "unzip/TEST1/ctip2_topro/16-35-34_WT7R_ctip2_topro_2-5x_0-085NA_4z_UltraII[02 x 02]_C01_xyz-Table Z0607.ome.tif",
                "unzip/TEST1/ctip2_topro/16-35-34_WT7R_ctip2_topro_2-5x_0-085NA_4z_UltraII[02 x 02]_C01_xyz-Table Z0608.ome.tif",
                "unzip/TEST1/ctip2_topro/16-35-34_WT7R_ctip2_topro_2-5x_0-085NA_4z_UltraII[02 x 02]_C01_xyz-Table Z0609.ome.tif",
                "unzip/TEST1/ctip2_topro/16-35-34_WT7R_ctip2_topro_2-5x_0-085NA_4z_UltraII[02 x 02]_C01_xyz-Table Z0610.ome.tif",
                "unzip/TEST1/ctip2_topro/16-35-34_WT7R_ctip2_topro_2-5x_0-085NA_4z_UltraII[02 x 02]_C01_xyz-Table Z0611.ome.tif",
                "unzip/TEST1/ctip2_topro/16-35-34_WT7R_ctip2_topro_2-5x_0-085NA_4z_UltraII[02 x 02]_C01_xyz-Table Z0612.ome.tif",
                "unzip/TEST1/ctip2_topro/16-35-34_WT7R_ctip2_topro_2-5x_0-085NA_4z_UltraII[02 x 02]_C01_xyz-Table Z0613.ome.tif",
                "unzip/TEST1/ctip2_topro/16-35-34_WT7R_ctip2_topro_2-5x_0-085NA_4z_UltraII[02 x 02]_C01_xyz-Table Z0614.ome.tif",
                "unzip/TEST1/ctip2_topro/16-35-34_WT7R_ctip2_topro_2-5x_0-085NA_4z_UltraII[02 x 02]_C01_xyz-Table Z0615.ome.tif",
                "unzip/TEST1/ctip2_topro/16-35-34_WT7R_ctip2_topro_2-5x_0-085NA_4z_UltraII[02 x 02]_C01_xyz-Table Z0616.ome.tif",
                "unzip/TEST1/ctip2_topro/16-35-34_WT7R_ctip2_topro_2-5x_0-085NA_4z_UltraII[02 x 02]_C01_xyz-Table Z0617.ome.tif",
                "unzip/TEST1/ctip2_topro/16-35-34_WT7R_ctip2_topro_2-5x_0-085NA_4z_UltraII[02 x 02]_C01_xyz-Table Z0618.ome.tif",
                "unzip/TEST1/ctip2_topro/16-35-34_WT7R_ctip2_topro_2-5x_0-085NA_4z_UltraII[02 x 02]_C01_xyz-Table Z0619.ome.tif",
                "unzip/TEST1/ctip2_topro/16-35-34_WT7R_ctip2_topro_2-5x_0-085NA_4z_UltraII[02 x 02]_C01_xyz-Table Z0620.ome.tif",
                "unzip/TEST1/ctip2_topro/16-35-34_WT7R_ctip2_topro_2-5x_0-085NA_4z_UltraII[02 x 03]_C00_xyz-Table Z0600.ome.tif",
                "unzip/TEST1/ctip2_topro/16-35-34_WT7R_ctip2_topro_2-5x_0-085NA_4z_UltraII[02 x 03]_C00_xyz-Table Z0601.ome.tif",
                "unzip/TEST1/ctip2_topro/16-35-34_WT7R_ctip2_topro_2-5x_0-085NA_4z_UltraII[02 x 03]_C00_xyz-Table Z0602.ome.tif",
                "unzip/TEST1/ctip2_topro/16-35-34_WT7R_ctip2_topro_2-5x_0-085NA_4z_UltraII[02 x 03]_C00_xyz-Table Z0603.ome.tif",
                "unzip/TEST1/ctip2_topro/16-35-34_WT7R_ctip2_topro_2-5x_0-085NA_4z_UltraII[02 x 03]_C00_xyz-Table Z0604.ome.tif",
                "unzip/TEST1/ctip2_topro/16-35-34_WT7R_ctip2_topro_2-5x_0-085NA_4z_UltraII[02 x 03]_C00_xyz-Table Z0605.ome.tif",
                "unzip/TEST1/ctip2_topro/16-35-34_WT7R_ctip2_topro_2-5x_0-085NA_4z_UltraII[02 x 03]_C00_xyz-Table Z0606.ome.tif",
                "unzip/TEST1/ctip2_topro/16-35-34_WT7R_ctip2_topro_2-5x_0-085NA_4z_UltraII[02 x 03]_C00_xyz-Table Z0607.ome.tif",
                "unzip/TEST1/ctip2_topro/16-35-34_WT7R_ctip2_topro_2-5x_0-085NA_4z_UltraII[02 x 03]_C00_xyz-Table Z0608.ome.tif",
                "unzip/TEST1/ctip2_topro/16-35-34_WT7R_ctip2_topro_2-5x_0-085NA_4z_UltraII[02 x 03]_C00_xyz-Table Z0609.ome.tif",
                "unzip/TEST1/ctip2_topro/16-35-34_WT7R_ctip2_topro_2-5x_0-085NA_4z_UltraII[02 x 03]_C00_xyz-Table Z0610.ome.tif",
                "unzip/TEST1/ctip2_topro/16-35-34_WT7R_ctip2_topro_2-5x_0-085NA_4z_UltraII[02 x 03]_C00_xyz-Table Z0611.ome.tif",
                "unzip/TEST1/ctip2_topro/16-35-34_WT7R_ctip2_topro_2-5x_0-085NA_4z_UltraII[02 x 03]_C00_xyz-Table Z0612.ome.tif",
                "unzip/TEST1/ctip2_topro/16-35-34_WT7R_ctip2_topro_2-5x_0-085NA_4z_UltraII[02 x 03]_C00_xyz-Table Z0613.ome.tif",
                "unzip/TEST1/ctip2_topro/16-35-34_WT7R_ctip2_topro_2-5x_0-085NA_4z_UltraII[02 x 03]_C00_xyz-Table Z0614.ome.tif",
                "unzip/TEST1/ctip2_topro/16-35-34_WT7R_ctip2_topro_2-5x_0-085NA_4z_UltraII[02 x 03]_C00_xyz-Table Z0615.ome.tif",
                "unzip/TEST1/ctip2_topro/16-35-34_WT7R_ctip2_topro_2-5x_0-085NA_4z_UltraII[02 x 03]_C00_xyz-Table Z0616.ome.tif",
                "unzip/TEST1/ctip2_topro/16-35-34_WT7R_ctip2_topro_2-5x_0-085NA_4z_UltraII[02 x 03]_C00_xyz-Table Z0617.ome.tif",
                "unzip/TEST1/ctip2_topro/16-35-34_WT7R_ctip2_topro_2-5x_0-085NA_4z_UltraII[02 x 03]_C00_xyz-Table Z0618.ome.tif",
                "unzip/TEST1/ctip2_topro/16-35-34_WT7R_ctip2_topro_2-5x_0-085NA_4z_UltraII[02 x 03]_C00_xyz-Table Z0619.ome.tif",
                "unzip/TEST1/ctip2_topro/16-35-34_WT7R_ctip2_topro_2-5x_0-085NA_4z_UltraII[02 x 03]_C00_xyz-Table Z0620.ome.tif",
                "unzip/TEST1/ctip2_topro/16-35-34_WT7R_ctip2_topro_2-5x_0-085NA_4z_UltraII[02 x 03]_C01_xyz-Table Z0600.ome.tif",
                "unzip/TEST1/ctip2_topro/16-35-34_WT7R_ctip2_topro_2-5x_0-085NA_4z_UltraII[02 x 03]_C01_xyz-Table Z0601.ome.tif",
                "unzip/TEST1/ctip2_topro/16-35-34_WT7R_ctip2_topro_2-5x_0-085NA_4z_UltraII[02 x 03]_C01_xyz-Table Z0602.ome.tif",
                "unzip/TEST1/ctip2_topro/16-35-34_WT7R_ctip2_topro_2-5x_0-085NA_4z_UltraII[02 x 03]_C01_xyz-Table Z0603.ome.tif",
                "unzip/TEST1/ctip2_topro/16-35-34_WT7R_ctip2_topro_2-5x_0-085NA_4z_UltraII[02 x 03]_C01_xyz-Table Z0604.ome.tif",
                "unzip/TEST1/ctip2_topro/16-35-34_WT7R_ctip2_topro_2-5x_0-085NA_4z_UltraII[02 x 03]_C01_xyz-Table Z0605.ome.tif",
                "unzip/TEST1/ctip2_topro/16-35-34_WT7R_ctip2_topro_2-5x_0-085NA_4z_UltraII[02 x 03]_C01_xyz-Table Z0606.ome.tif",
                "unzip/TEST1/ctip2_topro/16-35-34_WT7R_ctip2_topro_2-5x_0-085NA_4z_UltraII[02 x 03]_C01_xyz-Table Z0607.ome.tif",
                "unzip/TEST1/ctip2_topro/16-35-34_WT7R_ctip2_topro_2-5x_0-085NA_4z_UltraII[02 x 03]_C01_xyz-Table Z0608.ome.tif",
                "unzip/TEST1/ctip2_topro/16-35-34_WT7R_ctip2_topro_2-5x_0-085NA_4z_UltraII[02 x 03]_C01_xyz-Table Z0609.ome.tif",
                "unzip/TEST1/ctip2_topro/16-35-34_WT7R_ctip2_topro_2-5x_0-085NA_4z_UltraII[02 x 03]_C01_xyz-Table Z0610.ome.tif",
                "unzip/TEST1/ctip2_topro/16-35-34_WT7R_ctip2_topro_2-5x_0-085NA_4z_UltraII[02 x 03]_C01_xyz-Table Z0611.ome.tif",
                "unzip/TEST1/ctip2_topro/16-35-34_WT7R_ctip2_topro_2-5x_0-085NA_4z_UltraII[02 x 03]_C01_xyz-Table Z0612.ome.tif",
                "unzip/TEST1/ctip2_topro/16-35-34_WT7R_ctip2_topro_2-5x_0-085NA_4z_UltraII[02 x 03]_C01_xyz-Table Z0613.ome.tif",
                "unzip/TEST1/ctip2_topro/16-35-34_WT7R_ctip2_topro_2-5x_0-085NA_4z_UltraII[02 x 03]_C01_xyz-Table Z0614.ome.tif",
                "unzip/TEST1/ctip2_topro/16-35-34_WT7R_ctip2_topro_2-5x_0-085NA_4z_UltraII[02 x 03]_C01_xyz-Table Z0615.ome.tif",
                "unzip/TEST1/ctip2_topro/16-35-34_WT7R_ctip2_topro_2-5x_0-085NA_4z_UltraII[02 x 03]_C01_xyz-Table Z0616.ome.tif",
                "unzip/TEST1/ctip2_topro/16-35-34_WT7R_ctip2_topro_2-5x_0-085NA_4z_UltraII[02 x 03]_C01_xyz-Table Z0617.ome.tif",
                "unzip/TEST1/ctip2_topro/16-35-34_WT7R_ctip2_topro_2-5x_0-085NA_4z_UltraII[02 x 03]_C01_xyz-Table Z0618.ome.tif",
                "unzip/TEST1/ctip2_topro/16-35-34_WT7R_ctip2_topro_2-5x_0-085NA_4z_UltraII[02 x 03]_C01_xyz-Table Z0619.ome.tif",
                "unzip/TEST1/ctip2_topro/16-35-34_WT7R_ctip2_topro_2-5x_0-085NA_4z_UltraII[02 x 03]_C01_xyz-Table Z0620.ome.tif",
                "unzip/TEST1/ctip2_topro/16-35-34_WT7R_ctip2_topro_2-5x_0-085NA_4z_UltraII[03 x 02]_C00_xyz-Table Z0600.ome.tif",
                "unzip/TEST1/ctip2_topro/16-35-34_WT7R_ctip2_topro_2-5x_0-085NA_4z_UltraII[03 x 02]_C00_xyz-Table Z0601.ome.tif",
                "unzip/TEST1/ctip2_topro/16-35-34_WT7R_ctip2_topro_2-5x_0-085NA_4z_UltraII[03 x 02]_C00_xyz-Table Z0602.ome.tif",
                "unzip/TEST1/ctip2_topro/16-35-34_WT7R_ctip2_topro_2-5x_0-085NA_4z_UltraII[03 x 02]_C00_xyz-Table Z0603.ome.tif",
                "unzip/TEST1/ctip2_topro/16-35-34_WT7R_ctip2_topro_2-5x_0-085NA_4z_UltraII[03 x 02]_C00_xyz-Table Z0604.ome.tif",
                "unzip/TEST1/ctip2_topro/16-35-34_WT7R_ctip2_topro_2-5x_0-085NA_4z_UltraII[03 x 02]_C00_xyz-Table Z0605.ome.tif",
                "unzip/TEST1/ctip2_topro/16-35-34_WT7R_ctip2_topro_2-5x_0-085NA_4z_UltraII[03 x 02]_C00_xyz-Table Z0606.ome.tif",
                "unzip/TEST1/ctip2_topro/16-35-34_WT7R_ctip2_topro_2-5x_0-085NA_4z_UltraII[03 x 02]_C00_xyz-Table Z0607.ome.tif",
                "unzip/TEST1/ctip2_topro/16-35-34_WT7R_ctip2_topro_2-5x_0-085NA_4z_UltraII[03 x 02]_C00_xyz-Table Z0608.ome.tif",
                "unzip/TEST1/ctip2_topro/16-35-34_WT7R_ctip2_topro_2-5x_0-085NA_4z_UltraII[03 x 02]_C00_xyz-Table Z0609.ome.tif",
                "unzip/TEST1/ctip2_topro/16-35-34_WT7R_ctip2_topro_2-5x_0-085NA_4z_UltraII[03 x 02]_C00_xyz-Table Z0610.ome.tif",
                "unzip/TEST1/ctip2_topro/16-35-34_WT7R_ctip2_topro_2-5x_0-085NA_4z_UltraII[03 x 02]_C00_xyz-Table Z0611.ome.tif",
                "unzip/TEST1/ctip2_topro/16-35-34_WT7R_ctip2_topro_2-5x_0-085NA_4z_UltraII[03 x 02]_C00_xyz-Table Z0612.ome.tif",
                "unzip/TEST1/ctip2_topro/16-35-34_WT7R_ctip2_topro_2-5x_0-085NA_4z_UltraII[03 x 02]_C00_xyz-Table Z0613.ome.tif",
                "unzip/TEST1/ctip2_topro/16-35-34_WT7R_ctip2_topro_2-5x_0-085NA_4z_UltraII[03 x 02]_C00_xyz-Table Z0614.ome.tif",
                "unzip/TEST1/ctip2_topro/16-35-34_WT7R_ctip2_topro_2-5x_0-085NA_4z_UltraII[03 x 02]_C00_xyz-Table Z0615.ome.tif",
                "unzip/TEST1/ctip2_topro/16-35-34_WT7R_ctip2_topro_2-5x_0-085NA_4z_UltraII[03 x 02]_C00_xyz-Table Z0616.ome.tif",
                "unzip/TEST1/ctip2_topro/16-35-34_WT7R_ctip2_topro_2-5x_0-085NA_4z_UltraII[03 x 02]_C00_xyz-Table Z0617.ome.tif",
                "unzip/TEST1/ctip2_topro/16-35-34_WT7R_ctip2_topro_2-5x_0-085NA_4z_UltraII[03 x 02]_C00_xyz-Table Z0618.ome.tif",
                "unzip/TEST1/ctip2_topro/16-35-34_WT7R_ctip2_topro_2-5x_0-085NA_4z_UltraII[03 x 02]_C00_xyz-Table Z0619.ome.tif",
                "unzip/TEST1/ctip2_topro/16-35-34_WT7R_ctip2_topro_2-5x_0-085NA_4z_UltraII[03 x 02]_C00_xyz-Table Z0620.ome.tif",
                "unzip/TEST1/ctip2_topro/16-35-34_WT7R_ctip2_topro_2-5x_0-085NA_4z_UltraII[03 x 02]_C01_xyz-Table Z0600.ome.tif",
                "unzip/TEST1/ctip2_topro/16-35-34_WT7R_ctip2_topro_2-5x_0-085NA_4z_UltraII[03 x 02]_C01_xyz-Table Z0601.ome.tif",
                "unzip/TEST1/ctip2_topro/16-35-34_WT7R_ctip2_topro_2-5x_0-085NA_4z_UltraII[03 x 02]_C01_xyz-Table Z0602.ome.tif",
                "unzip/TEST1/ctip2_topro/16-35-34_WT7R_ctip2_topro_2-5x_0-085NA_4z_UltraII[03 x 02]_C01_xyz-Table Z0603.ome.tif",
                "unzip/TEST1/ctip2_topro/16-35-34_WT7R_ctip2_topro_2-5x_0-085NA_4z_UltraII[03 x 02]_C01_xyz-Table Z0604.ome.tif",
                "unzip/TEST1/ctip2_topro/16-35-34_WT7R_ctip2_topro_2-5x_0-085NA_4z_UltraII[03 x 02]_C01_xyz-Table Z0605.ome.tif",
                "unzip/TEST1/ctip2_topro/16-35-34_WT7R_ctip2_topro_2-5x_0-085NA_4z_UltraII[03 x 02]_C01_xyz-Table Z0606.ome.tif",
                "unzip/TEST1/ctip2_topro/16-35-34_WT7R_ctip2_topro_2-5x_0-085NA_4z_UltraII[03 x 02]_C01_xyz-Table Z0607.ome.tif",
                "unzip/TEST1/ctip2_topro/16-35-34_WT7R_ctip2_topro_2-5x_0-085NA_4z_UltraII[03 x 02]_C01_xyz-Table Z0608.ome.tif",
                "unzip/TEST1/ctip2_topro/16-35-34_WT7R_ctip2_topro_2-5x_0-085NA_4z_UltraII[03 x 02]_C01_xyz-Table Z0609.ome.tif",
                "unzip/TEST1/ctip2_topro/16-35-34_WT7R_ctip2_topro_2-5x_0-085NA_4z_UltraII[03 x 02]_C01_xyz-Table Z0610.ome.tif",
                "unzip/TEST1/ctip2_topro/16-35-34_WT7R_ctip2_topro_2-5x_0-085NA_4z_UltraII[03 x 02]_C01_xyz-Table Z0611.ome.tif",
                "unzip/TEST1/ctip2_topro/16-35-34_WT7R_ctip2_topro_2-5x_0-085NA_4z_UltraII[03 x 02]_C01_xyz-Table Z0612.ome.tif",
                "unzip/TEST1/ctip2_topro/16-35-34_WT7R_ctip2_topro_2-5x_0-085NA_4z_UltraII[03 x 02]_C01_xyz-Table Z0613.ome.tif",
                "unzip/TEST1/ctip2_topro/16-35-34_WT7R_ctip2_topro_2-5x_0-085NA_4z_UltraII[03 x 02]_C01_xyz-Table Z0614.ome.tif",
                "unzip/TEST1/ctip2_topro/16-35-34_WT7R_ctip2_topro_2-5x_0-085NA_4z_UltraII[03 x 02]_C01_xyz-Table Z0615.ome.tif",
                "unzip/TEST1/ctip2_topro/16-35-34_WT7R_ctip2_topro_2-5x_0-085NA_4z_UltraII[03 x 02]_C01_xyz-Table Z0616.ome.tif",
                "unzip/TEST1/ctip2_topro/16-35-34_WT7R_ctip2_topro_2-5x_0-085NA_4z_UltraII[03 x 02]_C01_xyz-Table Z0617.ome.tif",
                "unzip/TEST1/ctip2_topro/16-35-34_WT7R_ctip2_topro_2-5x_0-085NA_4z_UltraII[03 x 02]_C01_xyz-Table Z0618.ome.tif",
                "unzip/TEST1/ctip2_topro/16-35-34_WT7R_ctip2_topro_2-5x_0-085NA_4z_UltraII[03 x 02]_C01_xyz-Table Z0619.ome.tif",
                "unzip/TEST1/ctip2_topro/16-35-34_WT7R_ctip2_topro_2-5x_0-085NA_4z_UltraII[03 x 02]_C01_xyz-Table Z0620.ome.tif",
                "unzip/TEST1/ctip2_topro/16-35-34_WT7R_ctip2_topro_2-5x_0-085NA_4z_UltraII[03 x 03]_C00_xyz-Table Z0600.ome.tif",
                "unzip/TEST1/ctip2_topro/16-35-34_WT7R_ctip2_topro_2-5x_0-085NA_4z_UltraII[03 x 03]_C00_xyz-Table Z0601.ome.tif",
                "unzip/TEST1/ctip2_topro/16-35-34_WT7R_ctip2_topro_2-5x_0-085NA_4z_UltraII[03 x 03]_C00_xyz-Table Z0602.ome.tif",
                "unzip/TEST1/ctip2_topro/16-35-34_WT7R_ctip2_topro_2-5x_0-085NA_4z_UltraII[03 x 03]_C00_xyz-Table Z0603.ome.tif",
                "unzip/TEST1/ctip2_topro/16-35-34_WT7R_ctip2_topro_2-5x_0-085NA_4z_UltraII[03 x 03]_C00_xyz-Table Z0604.ome.tif",
                "unzip/TEST1/ctip2_topro/16-35-34_WT7R_ctip2_topro_2-5x_0-085NA_4z_UltraII[03 x 03]_C00_xyz-Table Z0605.ome.tif",
                "unzip/TEST1/ctip2_topro/16-35-34_WT7R_ctip2_topro_2-5x_0-085NA_4z_UltraII[03 x 03]_C00_xyz-Table Z0606.ome.tif",
                "unzip/TEST1/ctip2_topro/16-35-34_WT7R_ctip2_topro_2-5x_0-085NA_4z_UltraII[03 x 03]_C00_xyz-Table Z0607.ome.tif",
                "unzip/TEST1/ctip2_topro/16-35-34_WT7R_ctip2_topro_2-5x_0-085NA_4z_UltraII[03 x 03]_C00_xyz-Table Z0608.ome.tif",
                "unzip/TEST1/ctip2_topro/16-35-34_WT7R_ctip2_topro_2-5x_0-085NA_4z_UltraII[03 x 03]_C00_xyz-Table Z0609.ome.tif",
                "unzip/TEST1/ctip2_topro/16-35-34_WT7R_ctip2_topro_2-5x_0-085NA_4z_UltraII[03 x 03]_C00_xyz-Table Z0610.ome.tif",
                "unzip/TEST1/ctip2_topro/16-35-34_WT7R_ctip2_topro_2-5x_0-085NA_4z_UltraII[03 x 03]_C00_xyz-Table Z0611.ome.tif",
                "unzip/TEST1/ctip2_topro/16-35-34_WT7R_ctip2_topro_2-5x_0-085NA_4z_UltraII[03 x 03]_C00_xyz-Table Z0612.ome.tif",
                "unzip/TEST1/ctip2_topro/16-35-34_WT7R_ctip2_topro_2-5x_0-085NA_4z_UltraII[03 x 03]_C00_xyz-Table Z0613.ome.tif",
                "unzip/TEST1/ctip2_topro/16-35-34_WT7R_ctip2_topro_2-5x_0-085NA_4z_UltraII[03 x 03]_C00_xyz-Table Z0614.ome.tif",
                "unzip/TEST1/ctip2_topro/16-35-34_WT7R_ctip2_topro_2-5x_0-085NA_4z_UltraII[03 x 03]_C00_xyz-Table Z0615.ome.tif",
                "unzip/TEST1/ctip2_topro/16-35-34_WT7R_ctip2_topro_2-5x_0-085NA_4z_UltraII[03 x 03]_C00_xyz-Table Z0616.ome.tif",
                "unzip/TEST1/ctip2_topro/16-35-34_WT7R_ctip2_topro_2-5x_0-085NA_4z_UltraII[03 x 03]_C00_xyz-Table Z0617.ome.tif",
                "unzip/TEST1/ctip2_topro/16-35-34_WT7R_ctip2_topro_2-5x_0-085NA_4z_UltraII[03 x 03]_C00_xyz-Table Z0618.ome.tif",
                "unzip/TEST1/ctip2_topro/16-35-34_WT7R_ctip2_topro_2-5x_0-085NA_4z_UltraII[03 x 03]_C00_xyz-Table Z0619.ome.tif",
                "unzip/TEST1/ctip2_topro/16-35-34_WT7R_ctip2_topro_2-5x_0-085NA_4z_UltraII[03 x 03]_C00_xyz-Table Z0620.ome.tif",
                "unzip/TEST1/ctip2_topro/16-35-34_WT7R_ctip2_topro_2-5x_0-085NA_4z_UltraII[03 x 03]_C01_xyz-Table Z0600.ome.tif",
                "unzip/TEST1/ctip2_topro/16-35-34_WT7R_ctip2_topro_2-5x_0-085NA_4z_UltraII[03 x 03]_C01_xyz-Table Z0601.ome.tif",
                "unzip/TEST1/ctip2_topro/16-35-34_WT7R_ctip2_topro_2-5x_0-085NA_4z_UltraII[03 x 03]_C01_xyz-Table Z0602.ome.tif",
                "unzip/TEST1/ctip2_topro/16-35-34_WT7R_ctip2_topro_2-5x_0-085NA_4z_UltraII[03 x 03]_C01_xyz-Table Z0603.ome.tif",
                "unzip/TEST1/ctip2_topro/16-35-34_WT7R_ctip2_topro_2-5x_0-085NA_4z_UltraII[03 x 03]_C01_xyz-Table Z0604.ome.tif",
                "unzip/TEST1/ctip2_topro/16-35-34_WT7R_ctip2_topro_2-5x_0-085NA_4z_UltraII[03 x 03]_C01_xyz-Table Z0605.ome.tif",
                "unzip/TEST1/ctip2_topro/16-35-34_WT7R_ctip2_topro_2-5x_0-085NA_4z_UltraII[03 x 03]_C01_xyz-Table Z0606.ome.tif",
                "unzip/TEST1/ctip2_topro/16-35-34_WT7R_ctip2_topro_2-5x_0-085NA_4z_UltraII[03 x 03]_C01_xyz-Table Z0607.ome.tif",
                "unzip/TEST1/ctip2_topro/16-35-34_WT7R_ctip2_topro_2-5x_0-085NA_4z_UltraII[03 x 03]_C01_xyz-Table Z0608.ome.tif",
                "unzip/TEST1/ctip2_topro/16-35-34_WT7R_ctip2_topro_2-5x_0-085NA_4z_UltraII[03 x 03]_C01_xyz-Table Z0609.ome.tif",
                "unzip/TEST1/ctip2_topro/16-35-34_WT7R_ctip2_topro_2-5x_0-085NA_4z_UltraII[03 x 03]_C01_xyz-Table Z0610.ome.tif",
                "unzip/TEST1/ctip2_topro/16-35-34_WT7R_ctip2_topro_2-5x_0-085NA_4z_UltraII[03 x 03]_C01_xyz-Table Z0611.ome.tif",
                "unzip/TEST1/ctip2_topro/16-35-34_WT7R_ctip2_topro_2-5x_0-085NA_4z_UltraII[03 x 03]_C01_xyz-Table Z0612.ome.tif",
                "unzip/TEST1/ctip2_topro/16-35-34_WT7R_ctip2_topro_2-5x_0-085NA_4z_UltraII[03 x 03]_C01_xyz-Table Z0613.ome.tif",
                "unzip/TEST1/ctip2_topro/16-35-34_WT7R_ctip2_topro_2-5x_0-085NA_4z_UltraII[03 x 03]_C01_xyz-Table Z0614.ome.tif",
                "unzip/TEST1/ctip2_topro/16-35-34_WT7R_ctip2_topro_2-5x_0-085NA_4z_UltraII[03 x 03]_C01_xyz-Table Z0615.ome.tif",
                "unzip/TEST1/ctip2_topro/16-35-34_WT7R_ctip2_topro_2-5x_0-085NA_4z_UltraII[03 x 03]_C01_xyz-Table Z0616.ome.tif",
                "unzip/TEST1/ctip2_topro/16-35-34_WT7R_ctip2_topro_2-5x_0-085NA_4z_UltraII[03 x 03]_C01_xyz-Table Z0617.ome.tif",
                "unzip/TEST1/ctip2_topro/16-35-34_WT7R_ctip2_topro_2-5x_0-085NA_4z_UltraII[03 x 03]_C01_xyz-Table Z0618.ome.tif",
                "unzip/TEST1/ctip2_topro/16-35-34_WT7R_ctip2_topro_2-5x_0-085NA_4z_UltraII[03 x 03]_C01_xyz-Table Z0619.ome.tif",
                "unzip/TEST1/ctip2_topro/16-35-34_WT7R_ctip2_topro_2-5x_0-085NA_4z_UltraII[03 x 03]_C01_xyz-Table Z0620.ome.tif"
            ]
        ],
        "meta": {
            "nf-test": "0.9.2",
            "nextflow": "25.04.4"
        },
        "timestamp": "2025-06-20T17:44:42.45846679"
    }
}