{
    "matlab file conversion to json": {
        "content": [
            1,
            [
                "mat2json",
                "mat2json/test_process",
                "mat2json/test_process/test",
                "mat2json/test_process/test/thresholds.json",
                "pipeline_info"
            ]
        ],
        "meta": {
            "nf-test": "0.9.2",
            "nextflow": "25.04.6"
        },
        "timestamp": "2025-09-24T14:54:05.637491491"
    },
    "matlab file conversion to json - stub": {
        "content": [
            1,
            [
                "mat2json",
                "mat2json/test_process",
                "mat2json/test_process/test",
                "mat2json/test_process/test/test.json",
                "pipeline_info"
            ]
        ],
        "meta": {
            "nf-test": "0.9.2",
            "nextflow": "25.04.6"
        },
        "timestamp": "2025-09-24T14:55:37.550675649"
    }
}