{
    "Numorphintensity test": {
        "content": [
            2,
            [
                "TEST1",
                "TEST1/intensity",
                "TEST1/intensity/results",
                "TEST1/intensity/results/NM_variables.mat",
                "TEST1/intensity/results/samples",
                "TEST1/intensity/results/samples/intensity_adjustment",
                "TEST1/intensity/results/samples/intensity_adjustment/ctip2_1_1_11.tif",
                "TEST1/intensity/results/samples/intensity_adjustment/ctip2_1_2_11.tif",
                "TEST1/intensity/results/samples/intensity_adjustment/ctip2_2_1_11.tif",
                "TEST1/intensity/results/samples/intensity_adjustment/ctip2_2_2_11.tif",
                "TEST1/intensity/results/samples/intensity_adjustment/flatfield_1.png",
                "TEST1/intensity/results/samples/intensity_adjustment/flatfield_2.png",
                "TEST1/intensity/results/samples/intensity_adjustment/tile_adj_1.png",
                "TEST1/intensity/results/samples/intensity_adjustment/tile_adj_2.png",
                "TEST1/intensity/results/samples/intensity_adjustment/topro_1_1_11.tif",
                "TEST1/intensity/results/samples/intensity_adjustment/topro_1_2_11.tif",
                "TEST1/intensity/results/samples/intensity_adjustment/topro_2_1_11.tif",
                "TEST1/intensity/results/samples/intensity_adjustment/topro_2_2_11.tif",
                "TEST1/intensity/results/samples/intensity_adjustment/y_adj_1.png",
                "TEST1/intensity/results/samples/intensity_adjustment/y_adj_2.png",
                "TEST1/intensity/results/variables",
                "TEST1/intensity/results/variables/adj_params.mat",
                "TEST1/intensity/results/variables/path_table.mat",
                "TEST1/intensity/results/variables/thresholds.mat",
                "pipeline_info",
                "unzip",
                "unzip/TEST1",
                "unzip/TEST1/ctip2_topro",
                "unzip/TEST1/ctip2_topro/16-35-34_WT7R_ctip2_topro_2-5x_0-085NA_4z_UltraII[02 x 02]_C00_xyz-Table Z0600.ome.tif",
                "unzip/TEST1/ctip2_topro/16-35-34_WT7R_ctip2_topro_2-5x_0-085NA_4z_UltraII[02 x 02]_C00_xyz-Table Z0601.ome.tif",
                "unzip/TEST1/ctip2_topro/16-35-34_WT7R_ctip2_topro_2-5x_0-085NA_4z_UltraII[02 x 02]_C00_xyz-Table Z0602.ome.tif",
                "unzip/TEST1/ctip2_topro/16-35-34_WT7R_ctip2_topro_2-5x_0-085NA_4z_UltraII[02 x 02]_C00_xyz-Table Z0603.ome.tif",
                "unzip/TEST1/ctip2_topro/16-35-34_WT7R_ctip2_topro_2-5x_0-085NA_4z_UltraII[02 x 02]_C00_xyz-Table Z0604.ome.tif",
                "unzip/TEST1/ctip2_topro/16-35-34_WT7R_ctip2_topro_2-5x_0-085NA_4z_UltraII[02 x 02]_C00_xyz-Table Z0605.ome.tif",
                "unzip/TEST1/ctip2_topro/16-35-34_WT7R_ctip2_topro_2-5x_0-085NA_4z_UltraII[02 x 02]_C00_xyz-Table Z0606.ome.tif",
                "unzip/TEST1/ctip2_topro/16-35-34_WT7R_ctip2_topro_2-5x_0-085NA_4z_UltraII[02 x 02]_C00_xyz-Table Z0607.ome.tif",
                "unzip/TEST1/ctip2_topro/16-35-34_WT7R_ctip2_topro_2-5x_0-085NA_4z_UltraII[02 x 02]_C00_xyz-Table Z0608.ome.tif",
                "unzip/TEST1/ctip2_topro/16-35-34_WT7R_ctip2_topro_2-5x_0-085NA_4z_UltraII[02 x 02]_C00_xyz-Table Z0609.ome.tif",
                "unzip/TEST1/ctip2_topro/16-35-34_WT7R_ctip2_topro_2-5x_0-085NA_4z_UltraII[02 x 02]_C00_xyz-Table Z0610.ome.tif",
                "unzip/TEST1/ctip2_topro/16-35-34_WT7R_ctip2_topro_2-5x_0-085NA_4z_UltraII[02 x 02]_C00_xyz-Table Z0611.ome.tif",
                "unzip/TEST1/ctip2_topro/16-35-34_WT7R_ctip2_topro_2-5x_0-085NA_4z_UltraII[02 x 02]_C00_xyz-Table Z0612.ome.tif",
                "unzip/TEST1/ctip2_topro/16-35-34_WT7R_ctip2_topro_2-5x_0-085NA_4z_UltraII[02 x 02]_C00_xyz-Table Z0613.ome.tif",
                "unzip/TEST1/ctip2_topro/16-35-34_WT7R_ctip2_topro_2-5x_0-085NA_4z_UltraII[02 x 02]_C00_xyz-Table Z0614.ome.tif",
                "unzip/TEST1/ctip2_topro/16-35-34_WT7R_ctip2_topro_2-5x_0-085NA_4z_UltraII[02 x 02]_C00_xyz-Table Z0615.ome.tif",
                "unzip/TEST1/ctip2_topro/16-35-34_WT7R_ctip2_topro_2-5x_0-085NA_4z_UltraII[02 x 02]_C00_xyz-Table Z0616.ome.tif",
                "unzip/TEST1/ctip2_topro/16-35-34_WT7R_ctip2_topro_2-5x_0-085NA_4z_UltraII[02 x 02]_C00_xyz-Table Z0617.ome.tif",
                "unzip/TEST1/ctip2_topro/16-35-34_WT7R_ctip2_topro_2-5x_0-085NA_4z_UltraII[02 x 02]_C00_xyz-Table Z0618.ome.tif",
                "unzip/TEST1/ctip2_topro/16-35-34_WT7R_ctip2_topro_2-5x_0-085NA_4z_UltraII[02 x 02]_C00_xyz-Table Z0619.ome.tif",
                "unzip/TEST1/ctip2_topro/16-35-34_WT7R_ctip2_topro_2-5x_0-085NA_4z_UltraII[02 x 02]_C00_xyz-Table Z0620.ome.tif",
                "unzip/TEST1/ctip2_topro/16-35-34_WT7R_ctip2_topro_2-5x_0-085NA_4z_UltraII[02 x 02]_C01_xyz-Table Z0600.ome.tif",
                "unzip/TEST1/ctip2_topro/16-35-34_WT7R_ctip2_topro_2-5x_0-085NA_4z_UltraII[02 x 02]_C01_xyz-Table Z0601.ome.tif",
                "unzip/TEST1/ctip2_topro/16-35-34_WT7R_ctip2_topro_2-5x_0-085NA_4z_UltraII[02 x 02]_C01_xyz-Table Z0602.ome.tif",
                "unzip/TEST1/ctip2_topro/16-35-34_WT7R_ctip2_topro_2-5x_0-085NA_4z_UltraII[02 x 02]_C01_xyz-Table Z0603.ome.tif",
                "unzip/TEST1/ctip2_topro/16-35-34_WT7R_ctip2_topro_2-5x_0-085NA_4z_UltraII[02 x 02]_C01_xyz-Table Z0604.ome.tif",
                "unzip/TEST1/ctip2_topro/16-35-34_WT7R_ctip2_topro_2-5x_0-085NA_4z_UltraII[02 x 02]_C01_xyz-Table Z0605.ome.tif",
                "unzip/TEST1/ctip2_topro/16-35-34_WT7R_ctip2_topro_2-5x_0-085NA_4z_UltraII[02 x 02]_C01_xyz-Table Z0606.ome.tif",
                "unzip/TEST1/ctip2_topro/16-35-34_WT7R_ctip2_topro_2-5x_0-085NA_4z_UltraII[02 x 02]_C01_xyz-Table Z0607.ome.tif",
                "unzip/TEST1/ctip2_topro/16-35-34_WT7R_ctip2_topro_2-5x_0-085NA_4z_UltraII[02 x 02]_C01_xyz-Table Z0608.ome.tif",
                "unzip/TEST1/ctip2_topro/16-35-34_WT7R_ctip2_topro_2-5x_0-085NA_4z_UltraII[02 x 02]_C01_xyz-Table Z0609.ome.tif",
                "unzip/TEST1/ctip2_topro/16-35-34_WT7R_ctip2_topro_2-5x_0-085NA_4z_UltraII[02 x 02]_C01_xyz-Table Z0610.ome.tif",
                "unzip/TEST1/ctip2_topro/16-35-34_WT7R_ctip2_topro_2-5x_0-085NA_4z_UltraII[02 x 02]_C01_xyz-Table Z0611.ome.tif",
                "unzip/TEST1/ctip2_topro/16-35-34_WT7R_ctip2_topro_2-5x_0-085NA_4z_UltraII[02 x 02]_C01_xyz-Table Z0612.ome.tif",
                "unzip/TEST1/ctip2_topro/16-35-34_WT7R_ctip2_topro_2-5x_0-085NA_4z_UltraII[02 x 02]_C01_xyz-Table Z0613.ome.tif",
                "unzip/TEST1/ctip2_topro/16-35-34_WT7R_ctip2_topro_2-5x_0-085NA_4z_UltraII[02 x 02]_C01_xyz-Table Z0614.ome.tif",
                "unzip/TEST1/ctip2_topro/16-35-34_WT7R_ctip2_topro_2-5x_0-085NA_4z_UltraII[02 x 02]_C01_xyz-Table Z0615.ome.tif",
                "unzip/TEST1/ctip2_topro/16-35-34_WT7R_ctip2_topro_2-5x_0-085NA_4z_UltraII[02 x 02]_C01_xyz-Table Z0616.ome.tif",
                "unzip/TEST1/ctip2_topro/16-35-34_WT7R_ctip2_topro_2-5x_0-085NA_4z_UltraII[02 x 02]_C01_xyz-Table Z0617.ome.tif",
                "unzip/TEST1/ctip2_topro/16-35-34_WT7R_ctip2_topro_2-5x_0-085NA_4z_UltraII[02 x 02]_C01_xyz-Table Z0618.ome.tif",
                "unzip/TEST1/ctip2_topro/16-35-34_WT7R_ctip2_topro_2-5x_0-085NA_4z_UltraII[02 x 02]_C01_xyz-Table Z0619.ome.tif",
                "unzip/TEST1/ctip2_topro/16-35-34_WT7R_ctip2_topro_2-5x_0-085NA_4z_UltraII[02 x 02]_C01_xyz-Table Z0620.ome.tif",
                "unzip/TEST1/ctip2_topro/16-35-34_WT7R_ctip2_topro_2-5x_0-085NA_4z_UltraII[02 x 03]_C00_xyz-Table Z0600.ome.tif",
                "unzip/TEST1/ctip2_topro/16-35-34_WT7R_ctip2_topro_2-5x_0-085NA_4z_UltraII[02 x 03]_C00_xyz-Table Z0601.ome.tif",
                "unzip/TEST1/ctip2_topro/16-35-34_WT7R_ctip2_topro_2-5x_0-085NA_4z_UltraII[02 x 03]_C00_xyz-Table Z0602.ome.tif",
                "unzip/TEST1/ctip2_topro/16-35-34_WT7R_ctip2_topro_2-5x_0-085NA_4z_UltraII[02 x 03]_C00_xyz-Table Z0603.ome.tif",
                "unzip/TEST1/ctip2_topro/16-35-34_WT7R_ctip2_topro_2-5x_0-085NA_4z_UltraII[02 x 03]_C00_xyz-Table Z0604.ome.tif",
                "unzip/TEST1/ctip2_topro/16-35-34_WT7R_ctip2_topro_2-5x_0-085NA_4z_UltraII[02 x 03]_C00_xyz-Table Z0605.ome.tif",
                "unzip/TEST1/ctip2_topro/16-35-34_WT7R_ctip2_topro_2-5x_0-085NA_4z_UltraII[02 x 03]_C00_xyz-Table Z0606.ome.tif",
                "unzip/TEST1/ctip2_topro/16-35-34_WT7R_ctip2_topro_2-5x_0-085NA_4z_UltraII[02 x 03]_C00_xyz-Table Z0607.ome.tif",
                "unzip/TEST1/ctip2_topro/16-35-34_WT7R_ctip2_topro_2-5x_0-085NA_4z_UltraII[02 x 03]_C00_xyz-Table Z0608.ome.tif",
                "unzip/TEST1/ctip2_topro/16-35-34_WT7R_ctip2_topro_2-5x_0-085NA_4z_UltraII[02 x 03]_C00_xyz-Table Z0609.ome.tif",
                "unzip/TEST1/ctip2_topro/16-35-34_WT7R_ctip2_topro_2-5x_0-085NA_4z_UltraII[02 x 03]_C00_xyz-Table Z0610.ome.tif",
                "unzip/TEST1/ctip2_topro/16-35-34_WT7R_ctip2_topro_2-5x_0-085NA_4z_UltraII[02 x 03]_C00_xyz-Table Z0611.ome.tif",
                "unzip/TEST1/ctip2_topro/16-35-34_WT7R_ctip2_topro_2-5x_0-085NA_4z_UltraII[02 x 03]_C00_xyz-Table Z0612.ome.tif",
                "unzip/TEST1/ctip2_topro/16-35-34_WT7R_ctip2_topro_2-5x_0-085NA_4z_UltraII[02 x 03]_C00_xyz-Table Z0613.ome.tif",
                "unzip/TEST1/ctip2_topro/16-35-34_WT7R_ctip2_topro_2-5x_0-085NA_4z_UltraII[02 x 03]_C00_xyz-Table Z0614.ome.tif",
                "unzip/TEST1/ctip2_topro/16-35-34_WT7R_ctip2_topro_2-5x_0-085NA_4z_UltraII[02 x 03]_C00_xyz-Table Z0615.ome.tif",
                "unzip/TEST1/ctip2_topro/16-35-34_WT7R_ctip2_topro_2-5x_0-085NA_4z_UltraII[02 x 03]_C00_xyz-Table Z0616.ome.tif",
                "unzip/TEST1/ctip2_topro/16-35-34_WT7R_ctip2_topro_2-5x_0-085NA_4z_UltraII[02 x 03]_C00_xyz-Table Z0617.ome.tif",
                "unzip/TEST1/ctip2_topro/16-35-34_WT7R_ctip2_topro_2-5x_0-085NA_4z_UltraII[02 x 03]_C00_xyz-Table Z0618.ome.tif",
                "unzip/TEST1/ctip2_topro/16-35-34_WT7R_ctip2_topro_2-5x_0-085NA_4z_UltraII[02 x 03]_C00_xyz-Table Z0619.ome.tif",
                "unzip/TEST1/ctip2_topro/16-35-34_WT7R_ctip2_topro_2-5x_0-085NA_4z_UltraII[02 x 03]_C00_xyz-Table Z0620.ome.tif",
                "unzip/TEST1/ctip2_topro/16-35-34_WT7R_ctip2_topro_2-5x_0-085NA_4z_UltraII[02 x 03]_C01_xyz-Table Z0600.ome.tif",
                "unzip/TEST1/ctip2_topro/16-35-34_WT7R_ctip2_topro_2-5x_0-085NA_4z_UltraII[02 x 03]_C01_xyz-Table Z0601.ome.tif",
                "unzip/TEST1/ctip2_topro/16-35-34_WT7R_ctip2_topro_2-5x_0-085NA_4z_UltraII[02 x 03]_C01_xyz-Table Z0602.ome.tif",
                "unzip/TEST1/ctip2_topro/16-35-34_WT7R_ctip2_topro_2-5x_0-085NA_4z_UltraII[02 x 03]_C01_xyz-Table Z0603.ome.tif",
                "unzip/TEST1/ctip2_topro/16-35-34_WT7R_ctip2_topro_2-5x_0-085NA_4z_UltraII[02 x 03]_C01_xyz-Table Z0604.ome.tif",
                "unzip/TEST1/ctip2_topro/16-35-34_WT7R_ctip2_topro_2-5x_0-085NA_4z_UltraII[02 x 03]_C01_xyz-Table Z0605.ome.tif",
                "unzip/TEST1/ctip2_topro/16-35-34_WT7R_ctip2_topro_2-5x_0-085NA_4z_UltraII[02 x 03]_C01_xyz-Table Z0606.ome.tif",
                "unzip/TEST1/ctip2_topro/16-35-34_WT7R_ctip2_topro_2-5x_0-085NA_4z_UltraII[02 x 03]_C01_xyz-Table Z0607.ome.tif",
                "unzip/TEST1/ctip2_topro/16-35-34_WT7R_ctip2_topro_2-5x_0-085NA_4z_UltraII[02 x 03]_C01_xyz-Table Z0608.ome.tif",
                "unzip/TEST1/ctip2_topro/16-35-34_WT7R_ctip2_topro_2-5x_0-085NA_4z_UltraII[02 x 03]_C01_xyz-Table Z0609.ome.tif",
                "unzip/TEST1/ctip2_topro/16-35-34_WT7R_ctip2_topro_2-5x_0-085NA_4z_UltraII[02 x 03]_C01_xyz-Table Z0610.ome.tif",
                "unzip/TEST1/ctip2_topro/16-35-34_WT7R_ctip2_topro_2-5x_0-085NA_4z_UltraII[02 x 03]_C01_xyz-Table Z0611.ome.tif",
                "unzip/TEST1/ctip2_topro/16-35-34_WT7R_ctip2_topro_2-5x_0-085NA_4z_UltraII[02 x 03]_C01_xyz-Table Z0612.ome.tif",
                "unzip/TEST1/ctip2_topro/16-35-34_WT7R_ctip2_topro_2-5x_0-085NA_4z_UltraII[02 x 03]_C01_xyz-Table Z0613.ome.tif",
                "unzip/TEST1/ctip2_topro/16-35-34_WT7R_ctip2_topro_2-5x_0-085NA_4z_UltraII[02 x 03]_C01_xyz-Table Z0614.ome.tif",
                "unzip/TEST1/ctip2_topro/16-35-34_WT7R_ctip2_topro_2-5x_0-085NA_4z_UltraII[02 x 03]_C01_xyz-Table Z0615.ome.tif",
                "unzip/TEST1/ctip2_topro/16-35-34_WT7R_ctip2_topro_2-5x_0-085NA_4z_UltraII[02 x 03]_C01_xyz-Table Z0616.ome.tif",
                "unzip/TEST1/ctip2_topro/16-35-34_WT7R_ctip2_topro_2-5x_0-085NA_4z_UltraII[02 x 03]_C01_xyz-Table Z0617.ome.tif",
                "unzip/TEST1/ctip2_topro/16-35-34_WT7R_ctip2_topro_2-5x_0-085NA_4z_UltraII[02 x 03]_C01_xyz-Table Z0618.ome.tif",
                "unzip/TEST1/ctip2_topro/16-35-34_WT7R_ctip2_topro_2-5x_0-085NA_4z_UltraII[02 x 03]_C01_xyz-Table Z0619.ome.tif",
                "unzip/TEST1/ctip2_topro/16-35-34_WT7R_ctip2_topro_2-5x_0-085NA_4z_UltraII[02 x 03]_C01_xyz-Table Z0620.ome.tif",
                "unzip/TEST1/ctip2_topro/16-35-34_WT7R_ctip2_topro_2-5x_0-085NA_4z_UltraII[03 x 02]_C00_xyz-Table Z0600.ome.tif",
                "unzip/TEST1/ctip2_topro/16-35-34_WT7R_ctip2_topro_2-5x_0-085NA_4z_UltraII[03 x 02]_C00_xyz-Table Z0601.ome.tif",
                "unzip/TEST1/ctip2_topro/16-35-34_WT7R_ctip2_topro_2-5x_0-085NA_4z_UltraII[03 x 02]_C00_xyz-Table Z0602.ome.tif",
                "unzip/TEST1/ctip2_topro/16-35-34_WT7R_ctip2_topro_2-5x_0-085NA_4z_UltraII[03 x 02]_C00_xyz-Table Z0603.ome.tif",
                "unzip/TEST1/ctip2_topro/16-35-34_WT7R_ctip2_topro_2-5x_0-085NA_4z_UltraII[03 x 02]_C00_xyz-Table Z0604.ome.tif",
                "unzip/TEST1/ctip2_topro/16-35-34_WT7R_ctip2_topro_2-5x_0-085NA_4z_UltraII[03 x 02]_C00_xyz-Table Z0605.ome.tif",
                "unzip/TEST1/ctip2_topro/16-35-34_WT7R_ctip2_topro_2-5x_0-085NA_4z_UltraII[03 x 02]_C00_xyz-Table Z0606.ome.tif",
                "unzip/TEST1/ctip2_topro/16-35-34_WT7R_ctip2_topro_2-5x_0-085NA_4z_UltraII[03 x 02]_C00_xyz-Table Z0607.ome.tif",
                "unzip/TEST1/ctip2_topro/16-35-34_WT7R_ctip2_topro_2-5x_0-085NA_4z_UltraII[03 x 02]_C00_xyz-Table Z0608.ome.tif",
                "unzip/TEST1/ctip2_topro/16-35-34_WT7R_ctip2_topro_2-5x_0-085NA_4z_UltraII[03 x 02]_C00_xyz-Table Z0609.ome.tif",
                "unzip/TEST1/ctip2_topro/16-35-34_WT7R_ctip2_topro_2-5x_0-085NA_4z_UltraII[03 x 02]_C00_xyz-Table Z0610.ome.tif",
                "unzip/TEST1/ctip2_topro/16-35-34_WT7R_ctip2_topro_2-5x_0-085NA_4z_UltraII[03 x 02]_C00_xyz-Table Z0611.ome.tif",
                "unzip/TEST1/ctip2_topro/16-35-34_WT7R_ctip2_topro_2-5x_0-085NA_4z_UltraII[03 x 02]_C00_xyz-Table Z0612.ome.tif",
                "unzip/TEST1/ctip2_topro/16-35-34_WT7R_ctip2_topro_2-5x_0-085NA_4z_UltraII[03 x 02]_C00_xyz-Table Z0613.ome.tif",
                "unzip/TEST1/ctip2_topro/16-35-34_WT7R_ctip2_topro_2-5x_0-085NA_4z_UltraII[03 x 02]_C00_xyz-Table Z0614.ome.tif",
                "unzip/TEST1/ctip2_topro/16-35-34_WT7R_ctip2_topro_2-5x_0-085NA_4z_UltraII[03 x 02]_C00_xyz-Table Z0615.ome.tif",
                "unzip/TEST1/ctip2_topro/16-35-34_WT7R_ctip2_topro_2-5x_0-085NA_4z_UltraII[03 x 02]_C00_xyz-Table Z0616.ome.tif",
                "unzip/TEST1/ctip2_topro/16-35-34_WT7R_ctip2_topro_2-5x_0-085NA_4z_UltraII[03 x 02]_C00_xyz-Table Z0617.ome.tif",
                "unzip/TEST1/ctip2_topro/16-35-34_WT7R_ctip2_topro_2-5x_0-085NA_4z_UltraII[03 x 02]_C00_xyz-Table Z0618.ome.tif",
                "unzip/TEST1/ctip2_topro/16-35-34_WT7R_ctip2_topro_2-5x_0-085NA_4z_UltraII[03 x 02]_C00_xyz-Table Z0619.ome.tif",
                "unzip/TEST1/ctip2_topro/16-35-34_WT7R_ctip2_topro_2-5x_0-085NA_4z_UltraII[03 x 02]_C00_xyz-Table Z0620.ome.tif",
                "unzip/TEST1/ctip2_topro/16-35-34_WT7R_ctip2_topro_2-5x_0-085NA_4z_UltraII[03 x 02]_C01_xyz-Table Z0600.ome.tif",
                "unzip/TEST1/ctip2_topro/16-35-34_WT7R_ctip2_topro_2-5x_0-085NA_4z_UltraII[03 x 02]_C01_xyz-Table Z0601.ome.tif",
                "unzip/TEST1/ctip2_topro/16-35-34_WT7R_ctip2_topro_2-5x_0-085NA_4z_UltraII[03 x 02]_C01_xyz-Table Z0602.ome.tif",
                "unzip/TEST1/ctip2_topro/16-35-34_WT7R_ctip2_topro_2-5x_0-085NA_4z_UltraII[03 x 02]_C01_xyz-Table Z0603.ome.tif",
                "unzip/TEST1/ctip2_topro/16-35-34_WT7R_ctip2_topro_2-5x_0-085NA_4z_UltraII[03 x 02]_C01_xyz-Table Z0604.ome.tif",
                "unzip/TEST1/ctip2_topro/16-35-34_WT7R_ctip2_topro_2-5x_0-085NA_4z_UltraII[03 x 02]_C01_xyz-Table Z0605.ome.tif",
                "unzip/TEST1/ctip2_topro/16-35-34_WT7R_ctip2_topro_2-5x_0-085NA_4z_UltraII[03 x 02]_C01_xyz-Table Z0606.ome.tif",
                "unzip/TEST1/ctip2_topro/16-35-34_WT7R_ctip2_topro_2-5x_0-085NA_4z_UltraII[03 x 02]_C01_xyz-Table Z0607.ome.tif",
                "unzip/TEST1/ctip2_topro/16-35-34_WT7R_ctip2_topro_2-5x_0-085NA_4z_UltraII[03 x 02]_C01_xyz-Table Z0608.ome.tif",
                "unzip/TEST1/ctip2_topro/16-35-34_WT7R_ctip2_topro_2-5x_0-085NA_4z_UltraII[03 x 02]_C01_xyz-Table Z0609.ome.tif",
                "unzip/TEST1/ctip2_topro/16-35-34_WT7R_ctip2_topro_2-5x_0-085NA_4z_UltraII[03 x 02]_C01_xyz-Table Z0610.ome.tif",
                "unzip/TEST1/ctip2_topro/16-35-34_WT7R_ctip2_topro_2-5x_0-085NA_4z_UltraII[03 x 02]_C01_xyz-Table Z0611.ome.tif",
                "unzip/TEST1/ctip2_topro/16-35-34_WT7R_ctip2_topro_2-5x_0-085NA_4z_UltraII[03 x 02]_C01_xyz-Table Z0612.ome.tif",
                "unzip/TEST1/ctip2_topro/16-35-34_WT7R_ctip2_topro_2-5x_0-085NA_4z_UltraII[03 x 02]_C01_xyz-Table Z0613.ome.tif",
                "unzip/TEST1/ctip2_topro/16-35-34_WT7R_ctip2_topro_2-5x_0-085NA_4z_UltraII[03 x 02]_C01_xyz-Table Z0614.ome.tif",
                "unzip/TEST1/ctip2_topro/16-35-34_WT7R_ctip2_topro_2-5x_0-085NA_4z_UltraII[03 x 02]_C01_xyz-Table Z0615.ome.tif",
                "unzip/TEST1/ctip2_topro/16-35-34_WT7R_ctip2_topro_2-5x_0-085NA_4z_UltraII[03 x 02]_C01_xyz-Table Z0616.ome.tif",
                "unzip/TEST1/ctip2_topro/16-35-34_WT7R_ctip2_topro_2-5x_0-085NA_4z_UltraII[03 x 02]_C01_xyz-Table Z0617.ome.tif",
                "unzip/TEST1/ctip2_topro/16-35-34_WT7R_ctip2_topro_2-5x_0-085NA_4z_UltraII[03 x 02]_C01_xyz-Table Z0618.ome.tif",
                "unzip/TEST1/ctip2_topro/16-35-34_WT7R_ctip2_topro_2-5x_0-085NA_4z_UltraII[03 x 02]_C01_xyz-Table Z0619.ome.tif",
                "unzip/TEST1/ctip2_topro/16-35-34_WT7R_ctip2_topro_2-5x_0-085NA_4z_UltraII[03 x 02]_C01_xyz-Table Z0620.ome.tif",
                "unzip/TEST1/ctip2_topro/16-35-34_WT7R_ctip2_topro_2-5x_0-085NA_4z_UltraII[03 x 03]_C00_xyz-Table Z0600.ome.tif",
                "unzip/TEST1/ctip2_topro/16-35-34_WT7R_ctip2_topro_2-5x_0-085NA_4z_UltraII[03 x 03]_C00_xyz-Table Z0601.ome.tif",
                "unzip/TEST1/ctip2_topro/16-35-34_WT7R_ctip2_topro_2-5x_0-085NA_4z_UltraII[03 x 03]_C00_xyz-Table Z0602.ome.tif",
                "unzip/TEST1/ctip2_topro/16-35-34_WT7R_ctip2_topro_2-5x_0-085NA_4z_UltraII[03 x 03]_C00_xyz-Table Z0603.ome.tif",
                "unzip/TEST1/ctip2_topro/16-35-34_WT7R_ctip2_topro_2-5x_0-085NA_4z_UltraII[03 x 03]_C00_xyz-Table Z0604.ome.tif",
                "unzip/TEST1/ctip2_topro/16-35-34_WT7R_ctip2_topro_2-5x_0-085NA_4z_UltraII[03 x 03]_C00_xyz-Table Z0605.ome.tif",
                "unzip/TEST1/ctip2_topro/16-35-34_WT7R_ctip2_topro_2-5x_0-085NA_4z_UltraII[03 x 03]_C00_xyz-Table Z0606.ome.tif",
                "unzip/TEST1/ctip2_topro/16-35-34_WT7R_ctip2_topro_2-5x_0-085NA_4z_UltraII[03 x 03]_C00_xyz-Table Z0607.ome.tif",
                "unzip/TEST1/ctip2_topro/16-35-34_WT7R_ctip2_topro_2-5x_0-085NA_4z_UltraII[03 x 03]_C00_xyz-Table Z0608.ome.tif",
                "unzip/TEST1/ctip2_topro/16-35-34_WT7R_ctip2_topro_2-5x_0-085NA_4z_UltraII[03 x 03]_C00_xyz-Table Z0609.ome.tif",
                "unzip/TEST1/ctip2_topro/16-35-34_WT7R_ctip2_topro_2-5x_0-085NA_4z_UltraII[03 x 03]_C00_xyz-Table Z0610.ome.tif",
                "unzip/TEST1/ctip2_topro/16-35-34_WT7R_ctip2_topro_2-5x_0-085NA_4z_UltraII[03 x 03]_C00_xyz-Table Z0611.ome.tif",
                "unzip/TEST1/ctip2_topro/16-35-34_WT7R_ctip2_topro_2-5x_0-085NA_4z_UltraII[03 x 03]_C00_xyz-Table Z0612.ome.tif",
                "unzip/TEST1/ctip2_topro/16-35-34_WT7R_ctip2_topro_2-5x_0-085NA_4z_UltraII[03 x 03]_C00_xyz-Table Z0613.ome.tif",
                "unzip/TEST1/ctip2_topro/16-35-34_WT7R_ctip2_topro_2-5x_0-085NA_4z_UltraII[03 x 03]_C00_xyz-Table Z0614.ome.tif",
                "unzip/TEST1/ctip2_topro/16-35-34_WT7R_ctip2_topro_2-5x_0-085NA_4z_UltraII[03 x 03]_C00_xyz-Table Z0615.ome.tif",
                "unzip/TEST1/ctip2_topro/16-35-34_WT7R_ctip2_topro_2-5x_0-085NA_4z_UltraII[03 x 03]_C00_xyz-Table Z0616.ome.tif",
                "unzip/TEST1/ctip2_topro/16-35-34_WT7R_ctip2_topro_2-5x_0-085NA_4z_UltraII[03 x 03]_C00_xyz-Table Z0617.ome.tif",
                "unzip/TEST1/ctip2_topro/16-35-34_WT7R_ctip2_topro_2-5x_0-085NA_4z_UltraII[03 x 03]_C00_xyz-Table Z0618.ome.tif",
                "unzip/TEST1/ctip2_topro/16-35-34_WT7R_ctip2_topro_2-5x_0-085NA_4z_UltraII[03 x 03]_C00_xyz-Table Z0619.ome.tif",
                "unzip/TEST1/ctip2_topro/16-35-34_WT7R_ctip2_topro_2-5x_0-085NA_4z_UltraII[03 x 03]_C00_xyz-Table Z0620.ome.tif",
                "unzip/TEST1/ctip2_topro/16-35-34_WT7R_ctip2_topro_2-5x_0-085NA_4z_UltraII[03 x 03]_C01_xyz-Table Z0600.ome.tif",
                "unzip/TEST1/ctip2_topro/16-35-34_WT7R_ctip2_topro_2-5x_0-085NA_4z_UltraII[03 x 03]_C01_xyz-Table Z0601.ome.tif",
                "unzip/TEST1/ctip2_topro/16-35-34_WT7R_ctip2_topro_2-5x_0-085NA_4z_UltraII[03 x 03]_C01_xyz-Table Z0602.ome.tif",
                "unzip/TEST1/ctip2_topro/16-35-34_WT7R_ctip2_topro_2-5x_0-085NA_4z_UltraII[03 x 03]_C01_xyz-Table Z0603.ome.tif",
                "unzip/TEST1/ctip2_topro/16-35-34_WT7R_ctip2_topro_2-5x_0-085NA_4z_UltraII[03 x 03]_C01_xyz-Table Z0604.ome.tif",
                "unzip/TEST1/ctip2_topro/16-35-34_WT7R_ctip2_topro_2-5x_0-085NA_4z_UltraII[03 x 03]_C01_xyz-Table Z0605.ome.tif",
                "unzip/TEST1/ctip2_topro/16-35-34_WT7R_ctip2_topro_2-5x_0-085NA_4z_UltraII[03 x 03]_C01_xyz-Table Z0606.ome.tif",
                "unzip/TEST1/ctip2_topro/16-35-34_WT7R_ctip2_topro_2-5x_0-085NA_4z_UltraII[03 x 03]_C01_xyz-Table Z0607.ome.tif",
                "unzip/TEST1/ctip2_topro/16-35-34_WT7R_ctip2_topro_2-5x_0-085NA_4z_UltraII[03 x 03]_C01_xyz-Table Z0608.ome.tif",
                "unzip/TEST1/ctip2_topro/16-35-34_WT7R_ctip2_topro_2-5x_0-085NA_4z_UltraII[03 x 03]_C01_xyz-Table Z0609.ome.tif",
                "unzip/TEST1/ctip2_topro/16-35-34_WT7R_ctip2_topro_2-5x_0-085NA_4z_UltraII[03 x 03]_C01_xyz-Table Z0610.ome.tif",
                "unzip/TEST1/ctip2_topro/16-35-34_WT7R_ctip2_topro_2-5x_0-085NA_4z_UltraII[03 x 03]_C01_xyz-Table Z0611.ome.tif",
                "unzip/TEST1/ctip2_topro/16-35-34_WT7R_ctip2_topro_2-5x_0-085NA_4z_UltraII[03 x 03]_C01_xyz-Table Z0612.ome.tif",
                "unzip/TEST1/ctip2_topro/16-35-34_WT7R_ctip2_topro_2-5x_0-085NA_4z_UltraII[03 x 03]_C01_xyz-Table Z0613.ome.tif",
                "unzip/TEST1/ctip2_topro/16-35-34_WT7R_ctip2_topro_2-5x_0-085NA_4z_UltraII[03 x 03]_C01_xyz-Table Z0614.ome.tif",
                "unzip/TEST1/ctip2_topro/16-35-34_WT7R_ctip2_topro_2-5x_0-085NA_4z_UltraII[03 x 03]_C01_xyz-Table Z0615.ome.tif",
                "unzip/TEST1/ctip2_topro/16-35-34_WT7R_ctip2_topro_2-5x_0-085NA_4z_UltraII[03 x 03]_C01_xyz-Table Z0616.ome.tif",
                "unzip/TEST1/ctip2_topro/16-35-34_WT7R_ctip2_topro_2-5x_0-085NA_4z_UltraII[03 x 03]_C01_xyz-Table Z0617.ome.tif",
                "unzip/TEST1/ctip2_topro/16-35-34_WT7R_ctip2_topro_2-5x_0-085NA_4z_UltraII[03 x 03]_C01_xyz-Table Z0618.ome.tif",
                "unzip/TEST1/ctip2_topro/16-35-34_WT7R_ctip2_topro_2-5x_0-085NA_4z_UltraII[03 x 03]_C01_xyz-Table Z0619.ome.tif",
                "unzip/TEST1/ctip2_topro/16-35-34_WT7R_ctip2_topro_2-5x_0-085NA_4z_UltraII[03 x 03]_C01_xyz-Table Z0620.ome.tif"
            ]
        ],
        "meta": {
            "nf-test": "0.9.2",
            "nextflow": "25.04.4"
        },
        "timestamp": "2025-06-20T16:19:48.305625041"
    }
}