{
    "Numorphintensity test": {
        "content": [
            {
                "0": [
                    [
                        "ctip2_1_1_11.tif:md5,fccec39adaa86a092dd7fca25b480234",
                        "ctip2_1_2_11.tif:md5,f7eb54ccc7add77d02d5463ff7898356",
                        "ctip2_2_1_11.tif:md5,684a579cc8df0800a11d2ff892c3938d",
                        "ctip2_2_2_11.tif:md5,5f4305e1581ccd4651fd750669e3b69a",
                        "flatfield_1.png:md5,d1083e23ed35efa17fe31b9454098c50",
                        "flatfield_2.png:md5,238fe295bc44633b55a4a38c2f8a462e",
                        "tile_adj_1.png:md5,1cb1227a1491b1dd141e1648f4d05fed",
                        "tile_adj_2.png:md5,6b438f39a5943580662ab42950e28bea",
                        "topro_1_1_11.tif:md5,733e3e7bc32916dfcbc73c9c77404d69",
                        "topro_1_2_11.tif:md5,4652de23e14b9b3546c462d18a70e542",
                        "topro_2_1_11.tif:md5,918562924baffc0b99976837ef4b5121",
                        "topro_2_2_11.tif:md5,9f6a1c2b631a11cd675e96fd6e29c1b4",
                        "y_adj_1.png:md5,f3a5970a76baaec9a5c07d56664b03d3",
                        "y_adj_2.png:md5,b593b595c4d1bd7387a4bddaa0652651"
                    ]
                ],
                "1": [
                    "adj_params.mat:md5,0d8afba4a3eb994f6a466be763d34ab4"
                ],
                "2": [
                    "path_table.mat:md5,dd533b2af1a3e4008418b87fd1312b1f"
                ],
                "3": [
                    "thresholds.mat:md5,a10d6763962b183deb15083ba087d7b6"
                ],
                "4": [
                    "NM_variables.mat:md5,2e43c5a3b53198ceee17b80ecc3f6381"
                ],
                "5": [
                    "versions.yml:md5,885c43b8dff8c26d121a817887a07702"
                ],
                "NM_variables": [
                    "NM_variables.mat:md5,2e43c5a3b53198ceee17b80ecc3f6381"
                ],
                "adj_params_mat": [
                    "adj_params.mat:md5,0d8afba4a3eb994f6a466be763d34ab4"
                ],
                "path_table_mat": [
                    "path_table.mat:md5,dd533b2af1a3e4008418b87fd1312b1f"
                ],
                "samples": [
                    [
                        "ctip2_1_1_11.tif:md5,fccec39adaa86a092dd7fca25b480234",
                        "ctip2_1_2_11.tif:md5,f7eb54ccc7add77d02d5463ff7898356",
                        "ctip2_2_1_11.tif:md5,684a579cc8df0800a11d2ff892c3938d",
                        "ctip2_2_2_11.tif:md5,5f4305e1581ccd4651fd750669e3b69a",
                        "flatfield_1.png:md5,d1083e23ed35efa17fe31b9454098c50",
                        "flatfield_2.png:md5,238fe295bc44633b55a4a38c2f8a462e",
                        "tile_adj_1.png:md5,1cb1227a1491b1dd141e1648f4d05fed",
                        "tile_adj_2.png:md5,6b438f39a5943580662ab42950e28bea",
                        "topro_1_1_11.tif:md5,733e3e7bc32916dfcbc73c9c77404d69",
                        "topro_1_2_11.tif:md5,4652de23e14b9b3546c462d18a70e542",
                        "topro_2_1_11.tif:md5,918562924baffc0b99976837ef4b5121",
                        "topro_2_2_11.tif:md5,9f6a1c2b631a11cd675e96fd6e29c1b4",
                        "y_adj_1.png:md5,f3a5970a76baaec9a5c07d56664b03d3",
                        "y_adj_2.png:md5,b593b595c4d1bd7387a4bddaa0652651"
                    ]
                ],
                "thresholds_mat": [
                    "thresholds.mat:md5,a10d6763962b183deb15083ba087d7b6"
                ],
                "versions": [
                    "versions.yml:md5,885c43b8dff8c26d121a817887a07702"
                ]
            }
        ],
        "timestamp": "2026-03-03T14:21:51.944095964",
        "meta": {
            "nf-test": "0.9.4",
            "nextflow": "25.10.3"
        }
    },
    "Numorphintensity stub test": {
        "content": [
            {
                "0": [
                    [
                        "TEST1.png:md5,d41d8cd98f00b204e9800998ecf8427e"
                    ]
                ],
                "1": [
                    "adj_params.mat:md5,d41d8cd98f00b204e9800998ecf8427e"
                ],
                "2": [
                    "path_table.mat:md5,d41d8cd98f00b204e9800998ecf8427e"
                ],
                "3": [
                    "thresholds.mat:md5,d41d8cd98f00b204e9800998ecf8427e"
                ],
                "4": [
                    "NM_variables.mat:md5,d41d8cd98f00b204e9800998ecf8427e"
                ],
                "5": [
                    "versions.yml:md5,885c43b8dff8c26d121a817887a07702"
                ],
                "NM_variables": [
                    "NM_variables.mat:md5,d41d8cd98f00b204e9800998ecf8427e"
                ],
                "adj_params_mat": [
                    "adj_params.mat:md5,d41d8cd98f00b204e9800998ecf8427e"
                ],
                "path_table_mat": [
                    "path_table.mat:md5,d41d8cd98f00b204e9800998ecf8427e"
                ],
                "samples": [
                    [
                        "TEST1.png:md5,d41d8cd98f00b204e9800998ecf8427e"
                    ]
                ],
                "thresholds_mat": [
                    "thresholds.mat:md5,d41d8cd98f00b204e9800998ecf8427e"
                ],
                "versions": [
                    "versions.yml:md5,885c43b8dff8c26d121a817887a07702"
                ]
            }
        ],
        "timestamp": "2026-03-03T14:23:53.779109646",
        "meta": {
            "nf-test": "0.9.4",
            "nextflow": "25.10.3"
        }
    }
}